// Jest Snapshot v1, https://goo.gl/fbAQLP

exports[`ProductImage Debe mostrar el componente con la imagen del producto 1`] = `
<div
  className="productCard undefined"
>
  <img
    alt="Product image"
    className="productCard undefined"
    src="./coffee-mug.png"
  />
</div>
`;

exports[`ProductImage Debe mostrar el componente correctamente con la imagen personalizado 1`] = `
<img
  alt="Product image"
  className="productCard custom-class"
  src="https://hola.jpg"
/>
`;
